=================================================================
SPEX_calloc.c.gcov
=================================================================
=================================================================
spex_cast_array.c.gcov
=================================================================
=================================================================
spex_cast_matrix.c.gcov
=================================================================
=================================================================
SPEX_check_solution.c.gcov
=================================================================
=================================================================
SPEX_create_default_options.c.gcov
=================================================================
=================================================================
spex_create_mpfr_array.c.gcov
=================================================================
=================================================================
spex_create_mpq_array.c.gcov
=================================================================
=================================================================
spex_create_mpz_array.c.gcov
=================================================================
=================================================================
SPEX_cumsum.c.gcov
=================================================================
=================================================================
spex_expand_double_array.c.gcov
=================================================================
=================================================================
spex_expand_mpfr_array.c.gcov
=================================================================
=================================================================
spex_expand_mpq_array.c.gcov
=================================================================
=================================================================
SPEX_finalize.c.gcov
=================================================================
=================================================================
SPEX_free.c.gcov
=================================================================
=================================================================
SPEX_gmp.c.gcov
=================================================================
        -:  757:// SPEX_mpz_set_q
        -:  758://------------------------------------------------------------------------------
        -:  759:
        -:  760:/* Purpose: Safely set an mpz number = mpq number */
        -:  761:
    #####:  762:SPEX_info SPEX_mpz_set_q
        -:  763:(
        -:  764:    mpz_t x,
        -:  765:    const mpq_t y
        -:  766:)
        -:  767:{
    #####:  768:    SPEX_GMPZ_WRAPPER_START (x) ;
    #####:  769:    mpz_set_q (x, y) ;
    #####:  770:    SPEX_GMP_WRAPPER_FINISH ;
    #####:  771:    return (SPEX_OK) ;
        -:  772:}
        -:  773:
        -:  774://------------------------------------------------------------------------------
        -:  775:// SPEX_mpz_mul
        -:  776://------------------------------------------------------------------------------
--
        -:  867:)
        -:  868:{
   604069:  869:    SPEX_GMPZ_WRAPPER_START (x) ;
   604069:  870:    if (mpz_sgn(z) == 0)
        -:  871:    {
    #####:  872:        SPEX_GMP_WRAPPER_FINISH;
    #####:  873:        return SPEX_PANIC;
        -:  874:    }
   604069:  875:    mpz_divexact (x, y, z) ;
   604062:  876:    SPEX_GMP_WRAPPER_FINISH ;
   604062:  877:    return (SPEX_OK) ;
        -:  878:}
--
        -: 1186:// SPEX_mpq_get_den
        -: 1187://------------------------------------------------------------------------------
        -: 1188:
        -: 1189:/* Purpose: Safely set an mpz number = denominator of an mpq number */
        -: 1190:
    #####: 1191:SPEX_info SPEX_mpq_get_den
        -: 1192:(
        -: 1193:    mpz_t x,
        -: 1194:    const mpq_t y
        -: 1195:)
        -: 1196:{
    #####: 1197:    SPEX_GMPZ_WRAPPER_START (x) ;
    #####: 1198:    mpq_get_den (x, y) ;
    #####: 1199:    SPEX_GMP_WRAPPER_FINISH ;
    #####: 1200:    return (SPEX_OK) ;
        -: 1201:}
        -: 1202:
        -: 1203://------------------------------------------------------------------------------
        -: 1204:// SPEX_mpq_get_d
        -: 1205://------------------------------------------------------------------------------
--
        -: 1571:// SPEX_mpfr_mul
        -: 1572://------------------------------------------------------------------------------
        -: 1573:
        -: 1574:/* Purpose: Safely multiply mpfr numbers, x = y*z */
        -: 1575:
    #####: 1576:SPEX_info SPEX_mpfr_mul
        -: 1577:(
        -: 1578:    mpfr_t x,
        -: 1579:    const mpfr_t y,
        -: 1580:    const mpfr_t z,
        -: 1581:    const mpfr_rnd_t rnd  // MPFR rounding mode
        -: 1582:)
        -: 1583:{
    #####: 1584:    SPEX_GMPFR_WRAPPER_START (x) ;
    #####: 1585:    mpfr_mul (x, y, z, rnd) ;
    #####: 1586:    SPEX_GMP_WRAPPER_FINISH ;
    #####: 1587:    return (SPEX_OK) ;
        -: 1588:}
        -: 1589:
        -: 1590://------------------------------------------------------------------------------
        -: 1591:// SPEX_mpfr_mul_d
        -: 1592://------------------------------------------------------------------------------
--
        -: 1637:
        -: 1638:/* Purpose: Safely set an mpfr number = power of two ints, i.e.,
        -: 1639: * x = y^z
        -: 1640: */
        -: 1641:
    #####: 1642:SPEX_info SPEX_mpfr_ui_pow_ui
        -: 1643:(
        -: 1644:    mpfr_t x,
        -: 1645:    const uint64_t y,
        -: 1646:    const uint64_t z,
        -: 1647:    const mpfr_rnd_t rnd  // MPFR rounding mode
        -: 1648:)
        -: 1649:{
    #####: 1650:    SPEX_GMPFR_WRAPPER_START (x) ;
    #####: 1651:    mpfr_ui_pow_ui (x, (unsigned long int) y, (unsigned long int) z, rnd) ;
    #####: 1652:    SPEX_GMP_WRAPPER_FINISH ;
    #####: 1653:    return (SPEX_OK) ;
        -: 1654:}
        -: 1655:
        -: 1656://------------------------------------------------------------------------------
        -: 1657:// SPEX_mpfr_log2
        -: 1658://------------------------------------------------------------------------------
=================================================================
SPEX_initialize.c.gcov
=================================================================
=================================================================
SPEX_initialize_expert.c.gcov
=================================================================
=================================================================
SPEX_Left_LU_backslash.c.gcov
=================================================================
=================================================================
spex_left_lu_back_sub.c.gcov
=================================================================
=================================================================
spex_left_lu_dfs.c.gcov
=================================================================
=================================================================
SPEX_Left_LU_factorize.c.gcov
=================================================================
=================================================================
spex_left_lu_forward_sub.c.gcov
=================================================================
=================================================================
spex_left_lu_get_largest_pivot.c.gcov
=================================================================
=================================================================
spex_left_lu_get_nonzero_pivot.c.gcov
=================================================================
=================================================================
spex_left_lu_get_pivot.c.gcov
=================================================================
=================================================================
spex_left_lu_get_smallest_pivot.c.gcov
=================================================================
=================================================================
spex_left_lu_permute_b.c.gcov
=================================================================
=================================================================
spex_left_lu_permute_x.c.gcov
=================================================================
=================================================================
spex_left_lu_reach.c.gcov
=================================================================
=================================================================
spex_left_lu_ref_triangular_solve.c.gcov
=================================================================
=================================================================
SPEX_Left_LU_solve.c.gcov
=================================================================
=================================================================
SPEX_LU_analysis_free.c.gcov
=================================================================
=================================================================
SPEX_LU_analyze.c.gcov
=================================================================
=================================================================
SPEX_malloc.c.gcov
=================================================================
=================================================================
SPEX_matrix_allocate.c.gcov
=================================================================
=================================================================
SPEX_matrix_check.c.gcov
=================================================================
=================================================================
SPEX_matrix_copy.c.gcov
=================================================================
=================================================================
SPEX_matrix_div.c.gcov
=================================================================
=================================================================
SPEX_matrix_free.c.gcov
=================================================================
=================================================================
SPEX_matrix_mul.c.gcov
=================================================================
=================================================================
SPEX_matrix_nnz.c.gcov
=================================================================
=================================================================
SPEX_realloc.c.gcov
=================================================================
=================================================================
spex_sparse_collapse.c.gcov
=================================================================
=================================================================
spex_sparse_realloc.c.gcov
=================================================================
=================================================================
spex_util_internal.h.gcov
=================================================================
=================================================================
