=================================================================
SPEX_calloc.c.gcov
=================================================================
SPEX_check_solution.c.gcov
=================================================================
SPEX_create_default_options.c.gcov
=================================================================
SPEX_cumsum.c.gcov
=================================================================
SPEX_finalize.c.gcov
=================================================================
SPEX_free.c.gcov
=================================================================
SPEX_gmp.c.gcov
    #####:  762:SPEX_info SPEX_mpz_set_q
    #####:  768:    SPEX_GMPZ_WRAPPER_START (x) ;
    #####:  769:    mpz_set_q (x, y) ;
    #####:  770:    SPEX_GMP_WRAPPER_FINISH ;
    #####:  771:    return (SPEX_OK) ;
    #####:  872:        SPEX_GMP_WRAPPER_FINISH;
    #####:  873:        return SPEX_PANIC;
    #####: 1191:SPEX_info SPEX_mpq_get_den
    #####: 1197:    SPEX_GMPZ_WRAPPER_START (x) ;
    #####: 1198:    mpq_get_den (x, y) ;
    #####: 1199:    SPEX_GMP_WRAPPER_FINISH ;
    #####: 1200:    return (SPEX_OK) ;
    #####: 1576:SPEX_info SPEX_mpfr_mul
    #####: 1584:    SPEX_GMPFR_WRAPPER_START (x) ;
    #####: 1585:    mpfr_mul (x, y, z, rnd) ;
    #####: 1586:    SPEX_GMP_WRAPPER_FINISH ;
    #####: 1587:    return (SPEX_OK) ;
    #####: 1642:SPEX_info SPEX_mpfr_ui_pow_ui
    #####: 1650:    SPEX_GMPFR_WRAPPER_START (x) ;
    #####: 1651:    mpfr_ui_pow_ui (x, (unsigned long int) y, (unsigned long int) z, rnd) ;
    #####: 1652:    SPEX_GMP_WRAPPER_FINISH ;
    #####: 1653:    return (SPEX_OK) ;
=================================================================
SPEX_initialize.c.gcov
=================================================================
SPEX_initialize_expert.c.gcov
=================================================================
SPEX_Left_LU_backslash.c.gcov
=================================================================
SPEX_Left_LU_factorize.c.gcov
=================================================================
SPEX_Left_LU_solve.c.gcov
=================================================================
SPEX_LU_analysis_free.c.gcov
=================================================================
SPEX_LU_analyze.c.gcov
=================================================================
SPEX_malloc.c.gcov
=================================================================
SPEX_matrix_allocate.c.gcov
=================================================================
SPEX_matrix_check.c.gcov
=================================================================
SPEX_matrix_copy.c.gcov
=================================================================
SPEX_matrix_div.c.gcov
=================================================================
SPEX_matrix_free.c.gcov
=================================================================
SPEX_matrix_mul.c.gcov
=================================================================
SPEX_matrix_nnz.c.gcov
=================================================================
SPEX_realloc.c.gcov
=================================================================
spex_cast_array.c.gcov
=================================================================
spex_cast_matrix.c.gcov
=================================================================
spex_create_mpfr_array.c.gcov
=================================================================
spex_create_mpq_array.c.gcov
=================================================================
spex_create_mpz_array.c.gcov
=================================================================
spex_expand_double_array.c.gcov
=================================================================
spex_expand_mpfr_array.c.gcov
=================================================================
spex_expand_mpq_array.c.gcov
=================================================================
spex_left_lu_back_sub.c.gcov
=================================================================
spex_left_lu_dfs.c.gcov
=================================================================
spex_left_lu_forward_sub.c.gcov
=================================================================
spex_left_lu_get_largest_pivot.c.gcov
=================================================================
spex_left_lu_get_nonzero_pivot.c.gcov
=================================================================
spex_left_lu_get_pivot.c.gcov
=================================================================
spex_left_lu_get_smallest_pivot.c.gcov
=================================================================
spex_left_lu_permute_b.c.gcov
=================================================================
spex_left_lu_permute_x.c.gcov
=================================================================
spex_left_lu_reach.c.gcov
=================================================================
spex_left_lu_ref_triangular_solve.c.gcov
=================================================================
spex_sparse_collapse.c.gcov
=================================================================
spex_sparse_realloc.c.gcov
=================================================================
spex_util_internal.h.gcov
=================================================================
